Microsoft Windows [Version 10.0.19042.1645]
(c) Microsoft Corporation. All rights reserved.

C:\Users\pdesal1\Desktop\git>code .

C:\Users\pdesal1\Desktop\git>git init
Reinitialized existing Git repository in C:/Users/pdesal1/Desktop/git/.git/
.........
git config --global user.name "Piyush Desale"
git config --global user.email "Piyush.Desale@morningstar.com"
C:\Users\pdesal1\Desktop\git>git commit -m "first commit"
On branch master
.........

Initial commit

Untracked files:
  (use "git add <file>..." to include in what will be committed)
        .venv/
        main.py

nothing added to commit but untracked files present (use "git add" to track)

C:\Users\pdesal1\Desktop\git>git branch -M main

C:\Users\pdesal1\Desktop\git>git remote add origin https://github.com/piyushdesale/git.git

C:\Users\pdesal1\Desktop\git>git push -u origin main
error: src refspec main does not match any
error: failed to push some refs to 'https://github.com/piyushdesale/git.git'

C:\Users\pdesal1\Desktop\git>git add .

warning: LF will be replaced by CRLF in .venv/Lib/site-packages/pip/_vendor/urllib3/packages/backports/makefile.py.
The file will have its original line endings in your working directory
warning: LF will be replaced by CRLF in .venv/Lib/site-packages/pip/_vendor/urllib3/packages/six.py.
The file will have its original line endings in your working directory

C:\Users\pdesal1\Desktop\git>git commit -m "second add files"
[main (root-commit) 7ff45da] second add files
 1357 files changed, 250700 insertions(+)
 create mode 100644 main.py

C:\Users\pdesal1\Desktop\git>git push
fatal: The current branch main has no upstream branch.
To push the current branch and set the remote as upstream, use

    git push --set-upstream origin main


C:\Users\pdesal1\Desktop\git>git push -u origin main
Enumerating objects: 1490, done.
Counting objects: 100% (1490/1490), done.
Delta compression using up to 8 threads
Compressing objects: 100% (1477/1477), done.
Writing objects: 100% (1490/1490), 5.08 MiB | 2.45 MiB/s, done.
Total 1490 (delta 93), reused 0 (delta 0), pack-reused 0
remote: Resolving deltas: 100% (93/93), done.
To https://github.com/piyushdesale/git.git
 * [new branch]      main -> main
branch 'main' set up to track 'origin/main'.

C:\Users\pdesal1\Desktop\git>git status
On branch main
Your branch is up to date with 'origin/main'.

nothing to commit, working tree clean

C:\Users\pdesal1\Desktop\git>git status
On branch main
Your branch is up to date with 'origin/main'.

Untracked files:
  (use "git add <file>..." to include in what will be committed)
        second.py

nothing added to commit but untracked files present (use "git add" to track)

C:\Users\pdesal1\Desktop\git>git add .

C:\Users\pdesal1\Desktop\git>git commit -m "second is added"
[main b98049d] second is added
 1 file changed, 1 insertion(+)
 create mode 100644 second.py

C:\Users\pdesal1\Desktop\git>git status
On branch main
Your branch is ahead of 'origin/main' by 1 commit.
  (use "git push" to publish your local commits)

nothing to commit, working tree clean

C:\Users\pdesal1\Desktop\git>git push
Enumerating objects: 4, done.
Counting objects: 100% (4/4), done.
Delta compression using up to 8 threads
Compressing objects: 100% (2/2), done.
Writing objects: 100% (3/3), 333 bytes | 166.00 KiB/s, done.
Total 3 (delta 0), reused 0 (delta 0), pack-reused 0
To https://github.com/piyushdesale/git.git
   7ff45da..b98049d  main -> main

C:\Users\pdesal1\Desktop\git>git rm second.py
rm 'second.py'

C:\Users\pdesal1\Desktop\git>git push
Everything up-to-date

C:\Users\pdesal1\Desktop\git>git rm second.py --cached
fatal: pathspec 'second.py' did not match any files

C:\Users\pdesal1\Desktop\git>git rm second.py
fatal: pathspec 'second.py' did not match any files

C:\Users\pdesal1\Desktop\git>git add .

C:\Users\pdesal1\Desktop\git>git commit -m "third is added"
[main 003cfd2] third is added
 2 files changed, 1 insertion(+), 1 deletion(-)
 delete mode 100644 second.py
 create mode 100644 thi.py

C:\Users\pdesal1\Desktop\git>git status
On branch main
Your branch is ahead of 'origin/main' by 1 commit.
  (use "git push" to publish your local commits)

nothing to commit, working tree clean

C:\Users\pdesal1\Desktop\git>git push
Enumerating objects: 4, done.
Counting objects: 100% (4/4), done.
Delta compression using up to 8 threads
Compressing objects: 100% (2/2), done.
Writing objects: 100% (3/3), 332 bytes | 166.00 KiB/s, done.
Total 3 (delta 0), reused 0 (delta 0), pack-reused 0
To https://github.com/piyushdesale/git.git
   b98049d..003cfd2  main -> main

C:\Users\pdesal1\Desktop\git>git rm thi.py
rm 'thi.py'

C:\Users\pdesal1\Desktop\git>git push
Everything up-to-date

C:\Users\pdesal1\Desktop\git>git commit -m "thi is deleted"
[main ef4451a] thi is deleted
 1 file changed, 1 deletion(-)
 delete mode 100644 thi.py

C:\Users\pdesal1\Desktop\git>git push
Enumerating objects: 3, done.
Counting objects: 100% (3/3), done.
Delta compression using up to 8 threads
Compressing objects: 100% (2/2), done.
Writing objects: 100% (2/2), 228 bytes | 228.00 KiB/s, done.
Total 2 (delta 1), reused 0 (delta 0), pack-reused 0
remote: Resolving deltas: 100% (1/1), completed with 1 local object.
To https://github.com/piyushdesale/git.git
   003cfd2..ef4451a  main -> main

C:\Users\pdesal1\Desktop\git>

